python : 388 INFO: 
PyInstaller: 6.19.0, 
contrib hooks: 2026.4
At line:1 char:1
+ python -m PyInstaller 
printbridge.spec --clean 
2>&1 | Tee-Object buil ...
+ ~~~~~~~~~~~~~~~~~~~~~~~~~
~~~~~~~~~~~~~~~~~~~~~~~~~~
    + CategoryInfo         
     : NotSpecified: (388  
   INFO: PyIns...b hooks   
 : 2026.4:String) [], R    
emoteException
    + FullyQualifiedErrorI 
   d : NativeCommandError
 
388 INFO: Python: 3.12.4
438 INFO: Platform: 
Windows-11-10.0.26200-SP0
438 INFO: Python 
environment: C:\Users\druva
\AppData\Local\Programs\Pyt
hon\Python312
439 INFO: Removing 
temporary files and 
cleaning cache in C:\Users\
druva\AppData\Local\pyinsta
ller
3868 DEPRECATION: Foreign 
Python environment's 
site-packages paths added 
to --paths/pathex:
['C:\\Users\\druva\\AppData
\\Local\\Programs\\Python\\
Python312\\Lib\\site-packag
es']
This is ALWAYS the wrong 
thing to do. If your 
environment's 
site-packages is not in 
PyInstaller's module 
search path then you are 
running PyInstaller from a 
different environment to 
the one your packages are 
in. Run print(sys.prefix) 
without PyInstaller to get 
the environment you should 
be using then install and 
run PyInstaller from that 
environment instead of 
this one. This warning 
will become an error in 
PyInstaller 7.0.
3868 INFO: Module search 
paths (PYTHONPATH):
['C:\\Users\\druva\\.gemini
\\antigravity\\scratch\\pri
nt-server',
 'C:\\Users\\druva\\AppData
\\Local\\Programs\\Python\\
Python312\\python312.zip',
 'C:\\Users\\druva\\AppData
\\Local\\Programs\\Python\\
Python312\\DLLs',
 'C:\\Users\\druva\\AppData
\\Local\\Programs\\Python\\
Python312\\Lib',
 'C:\\Users\\druva\\AppData
\\Local\\Programs\\Python\\
Python312',
 'C:\\Users\\druva\\AppData
\\Local\\Programs\\Python\\
Python312\\Lib\\site-packag
es',
 'C:\\Users\\druva\\AppData
\\Local\\Programs\\Python\\
Python312\\Lib\\site-packag
es\\win32',
 'C:\\Users\\druva\\AppData
\\Local\\Programs\\Python\\
Python312\\Lib\\site-packag
es\\win32\\lib',
 'C:\\Users\\druva\\AppData
\\Local\\Programs\\Python\\
Python312\\Lib\\site-packag
es\\Pythonwin',
 'C:\\Users\\druva\\.gemini
\\antigravity\\scratch\\pri
nt-server',
 'C:\\Users\\druva\\AppData
\\Local\\Programs\\Python\\
Python312\\Lib\\site-packag
es',
 'C:\\Users\\druva\\AppData
\\Local\\Programs\\Python\\
Python312\\Lib\\site-packag
es\\win32',
 'C:\\Users\\druva\\AppData
\\Local\\Programs\\Python\\
Python312\\Lib\\site-packag
es\\pywin32_system32']
4331 INFO: Appending 
'binaries' from .spec
4346 INFO: Appending 
'datas' from .spec
4346 INFO: checking 
Analysis
4346 INFO: Building 
Analysis because 
Analysis-00.toc is non 
existent
4346 INFO: Looking for 
Python shared library...
4357 INFO: Using Python 
shared library: C:\Users\dr
uva\AppData\Local\Programs\
Python\Python312\python312.
dll
4357 INFO: Running 
Analysis Analysis-00.toc
4357 INFO: Target bytecode 
optimization level: 0
4357 INFO: Initializing 
module dependency graph...
4363 INFO: Initializing 
module graph hook caches...
4421 INFO: Analyzing 
modules for 
base_library.zip ...
6168 INFO: Processing 
standard module hook 
'hook-encodings.py' from 'C
:\\Users\\druva\\AppData\\L
ocal\\Programs\\Python\\Pyt
hon312\\Lib\\site-packages\
\PyInstaller\\hooks'
9162 INFO: Processing 
standard module hook 
'hook-pickle.py' from 'C:\\
Users\\druva\\AppData\\Loca
l\\Programs\\Python\\Python
312\\Lib\\site-packages\\Py
Installer\\hooks'
11514 INFO: Processing 
standard module hook 
'hook-heapq.py' from 'C:\\U
sers\\druva\\AppData\\Local
\\Programs\\Python\\Python3
12\\Lib\\site-packages\\PyI
nstaller\\hooks'
14040 INFO: Caching module 
dependency graph...
14084 INFO: Analyzing C:\Us
ers\druva\.gemini\antigravi
ty\scratch\print-server\mai
n.py
15562 INFO: Processing 
pre-safe-import-module 
hook 'hook-typing_extension
s.py' from 'C:\\Users\\druv
a\\AppData\\Local\\Programs
\\Python\\Python312\\Lib\\s
ite-packages\\PyInstaller\\
hooks\\pre_safe_import_modu
le'
15569 INFO: 
SetuptoolsInfo: 
initializing cached 
setuptools info...
18045 INFO: Processing 
standard module hook 
'hook-_ctypes.py' from 'C:\
\Users\\druva\\AppData\\Loc
al\\Programs\\Python\\Pytho
n312\\Lib\\site-packages\\P
yInstaller\\hooks'
18307 INFO: Processing 
standard module hook 
'hook-platform.py' from 'C:
\\Users\\druva\\AppData\\Lo
cal\\Programs\\Python\\Pyth
on312\\Lib\\site-packages\\
PyInstaller\\hooks'
18488 INFO: Processing 
standard module hook 'hook-
multiprocessing.util.py' 
from 'C:\\Users\\druva\\App
Data\\Local\\Programs\\Pyth
on\\Python312\\Lib\\site-pa
ckages\\PyInstaller\\hooks'
18818 INFO: Processing 
standard module hook 
'hook-xml.py' from 'C:\\Use
rs\\druva\\AppData\\Local\\
Programs\\Python\\Python312
\\Lib\\site-packages\\PyIns
taller\\hooks'
20039 INFO: Processing 
standard module hook 
'hook-sysconfig.py' from 'C
:\\Users\\druva\\AppData\\L
ocal\\Programs\\Python\\Pyt
hon312\\Lib\\site-packages\
\PyInstaller\\hooks'
21163 INFO: Processing 
standard module hook 
'hook-difflib.py' from 'C:\
\Users\\druva\\AppData\\Loc
al\\Programs\\Python\\Pytho
n312\\Lib\\site-packages\\P
yInstaller\\hooks'
21866 INFO: Processing 
standard module hook 
'hook-jinja2.py' from 'C:\\
Users\\druva\\AppData\\Loca
l\\Programs\\Python\\Python
312\\Lib\\site-packages\\_p
yinstaller_hooks_contrib\\s
tdhooks'
25378 INFO: Processing 
pre-safe-import-module 
hook 'hook-importlib_metada
ta.py' from 'C:\\Users\\dru
va\\AppData\\Local\\Program
s\\Python\\Python312\\Lib\\
site-packages\\PyInstaller\
\hooks\\pre_safe_import_mod
ule'
25379 INFO: Setuptools: 
'importlib_metadata' 
appears to be a 
setuptools-vendored copy - 
creating alias to 'setuptoo
ls._vendor.importlib_metada
ta'!
25412 INFO: Processing 
standard module hook 
'hook-setuptools.py' from '
C:\\Users\\druva\\AppData\\
Local\\Programs\\Python\\Py
thon312\\Lib\\site-packages
\\PyInstaller\\hooks'
25557 INFO: Processing 
pre-safe-import-module 
hook 'hook-distutils.py' 
from 'C:\\Users\\druva\\App
Data\\Local\\Programs\\Pyth
on\\Python312\\Lib\\site-pa
ckages\\PyInstaller\\hooks\
\pre_safe_import_module'
25758 INFO: Processing 
pre-safe-import-module 
hook 'hook-jaraco.py' from 
'C:\\Users\\druva\\AppData\
\Local\\Programs\\Python\\P
ython312\\Lib\\site-package
s\\PyInstaller\\hooks\\pre_
safe_import_module'
25761 INFO: Setuptools: 
'jaraco' appears to be a 
full setuptools-vendored 
copy - creating alias to 's
etuptools._vendor.jaraco'!
25799 INFO: Processing 
pre-safe-import-module 
hook 
'hook-more_itertools.py' 
from 'C:\\Users\\druva\\App
Data\\Local\\Programs\\Pyth
on\\Python312\\Lib\\site-pa
ckages\\PyInstaller\\hooks\
\pre_safe_import_module'
25807 INFO: Setuptools: 
'more_itertools' appears 
to be a 
setuptools-vendored copy - 
creating alias to 'setuptoo
ls._vendor.more_itertools'!
26657 INFO: Processing 
pre-safe-import-module 
hook 'hook-packaging.py' 
from 'C:\\Users\\druva\\App
Data\\Local\\Programs\\Pyth
on\\Python312\\Lib\\site-pa
ckages\\PyInstaller\\hooks\
\pre_safe_import_module'
27328 INFO: Processing 
standard module hook 'hook-
setuptools._vendor.jaraco.t
ext.py' from 'C:\\Users\\dr
uva\\AppData\\Local\\Progra
ms\\Python\\Python312\\Lib\
\site-packages\\PyInstaller
\\hooks'
27331 INFO: Processing 
pre-safe-import-module 
hook 'hook-importlib_resour
ces.py' from 'C:\\Users\\dr
uva\\AppData\\Local\\Progra
ms\\Python\\Python312\\Lib\
\site-packages\\PyInstaller
\\hooks\\pre_safe_import_mo
dule'
27629 INFO: Processing 
pre-safe-import-module 
hook 'hook-backports.py' 
from 'C:\\Users\\druva\\App
Data\\Local\\Programs\\Pyth
on\\Python312\\Lib\\site-pa
ckages\\PyInstaller\\hooks\
\pre_safe_import_module'
27630 INFO: Setuptools: 
'backports' appears to be 
a full setuptools-vendored 
copy - creating alias to 's
etuptools._vendor.backports
'!
29009 INFO: Processing 
pre-safe-import-module 
hook 'hook-tomli.py' from '
C:\\Users\\druva\\AppData\\
Local\\Programs\\Python\\Py
thon312\\Lib\\site-packages
\\PyInstaller\\hooks\\pre_s
afe_import_module'
29011 INFO: Setuptools: 
'tomli' appears to be a 
setuptools-vendored copy - 
creating alias to 
'setuptools._vendor.tomli'!
30072 INFO: Processing 
pre-safe-import-module 
hook 'hook-wheel.py' from '
C:\\Users\\druva\\AppData\\
Local\\Programs\\Python\\Py
thon312\\Lib\\site-packages
\\PyInstaller\\hooks\\pre_s
afe_import_module'
30074 INFO: Setuptools: 
'wheel' appears to be a 
setuptools-vendored copy - 
creating alias to 
'setuptools._vendor.wheel'!
30237 INFO: Processing 
standard module hook 'hook-
setuptools._vendor.importli
b_metadata.py' from 'C:\\Us
ers\\druva\\AppData\\Local\
\Programs\\Python\\Python31
2\\Lib\\site-packages\\PyIn
staller\\hooks'
30457 INFO: Processing 
pre-safe-import-module 
hook 'hook-zipp.py' from 'C
:\\Users\\druva\\AppData\\L
ocal\\Programs\\Python\\Pyt
hon312\\Lib\\site-packages\
\PyInstaller\\hooks\\pre_sa
fe_import_module'
30457 INFO: Setuptools: 
'zipp' appears to be a 
setuptools-vendored copy - 
creating alias to 
'setuptools._vendor.zipp'!
30770 INFO: Processing 
standard module hook 
'hook-pystray.py' from 'C:\
\Users\\druva\\AppData\\Loc
al\\Programs\\Python\\Pytho
n312\\Lib\\site-packages\\_
pyinstaller_hooks_contrib\\
stdhooks'
31218 INFO: Processing 
pre-safe-import-module 
hook 'hook-six.moves.py' 
from 'C:\\Users\\druva\\App
Data\\Local\\Programs\\Pyth
on\\Python312\\Lib\\site-pa
ckages\\PyInstaller\\hooks\
\pre_safe_import_module'
31300 INFO: Processing 
pre-safe-import-module 
hook 'hook-gi.py' from 'C:\
\Users\\druva\\AppData\\Loc
al\\Programs\\Python\\Pytho
n312\\Lib\\site-packages\\P
yInstaller\\hooks\\pre_safe
_import_module'
31357 INFO: Processing 
standard module hook 
'hook-PIL.py' from 'C:\\Use
rs\\druva\\AppData\\Local\\
Programs\\Python\\Python312
\\Lib\\site-packages\\PyIns
taller\\hooks'
31489 INFO: Processing 
standard module hook 
'hook-PIL.Image.py' from 'C
:\\Users\\druva\\AppData\\L
ocal\\Programs\\Python\\Pyt
hon312\\Lib\\site-packages\
\PyInstaller\\hooks'
32150 INFO: Processing 
standard module hook 'hook-
xml.etree.cElementTree.py' 
from 'C:\\Users\\druva\\App
Data\\Local\\Programs\\Pyth
on\\Python312\\Lib\\site-pa
ckages\\PyInstaller\\hooks'
32382 INFO: Processing 
standard module hook 
'hook-PIL.ImageFilter.py' 
from 'C:\\Users\\druva\\App
Data\\Local\\Programs\\Pyth
on\\Python312\\Lib\\site-pa
ckages\\PyInstaller\\hooks'
32849 INFO: Analyzing 
hidden import 
'flask.__main__'
32878 INFO: Analyzing 
hidden import 'flask.views'
32895 INFO: Analyzing 
hidden import 'werkzeug.mid
dleware.dispatcher'
32907 INFO: Analyzing 
hidden import 'werkzeug.mid
dleware.http_proxy'
32928 INFO: Analyzing 
hidden import 
'werkzeug.middleware.lint'
32951 INFO: Analyzing 
hidden import 'werkzeug.mid
dleware.profiler'
33164 INFO: Analyzing 
hidden import 'werkzeug.mid
dleware.proxy_fix'
33181 INFO: Analyzing 
hidden import 
'werkzeug.testapp'
33200 INFO: Analyzing 
hidden import 'jinja2.meta'
33213 INFO: Analyzing 
hidden import 
'jinja2.nativetypes'
33228 INFO: Analyzing 
hidden import 
'pystray._info'
33238 INFO: Analyzing 
hidden import 
'PIL.AvifImagePlugin'
33259 INFO: Analyzing 
hidden import 
'PIL.BdfFontFile'
33286 INFO: Analyzing 
hidden import 
'PIL.BlpImagePlugin'
33332 INFO: Analyzing 
hidden import 
'PIL.BufrStubImagePlugin'
33364 INFO: Analyzing 
hidden import 
'PIL.ContainerIO'
33399 INFO: Analyzing 
hidden import 
'PIL.CurImagePlugin'
33431 INFO: Analyzing 
hidden import 
'PIL.DcxImagePlugin'
33478 INFO: Analyzing 
hidden import 
'PIL.DdsImagePlugin'
33503 INFO: Analyzing 
hidden import 
'PIL.EpsImagePlugin'
33529 INFO: Analyzing 
hidden import 
'PIL.FitsImagePlugin'
33563 INFO: Analyzing 
hidden import 
'PIL.FliImagePlugin'
33597 INFO: Analyzing 
hidden import 
'PIL.FpxImagePlugin'
33637 INFO: Analyzing 
hidden import 
'PIL.FtexImagePlugin'
33657 INFO: Analyzing 
hidden import 
'PIL.GbrImagePlugin'
33682 INFO: Analyzing 
hidden import 
'PIL.GdImageFile'
33697 INFO: Analyzing 
hidden import 
'PIL.GribStubImagePlugin'
33707 INFO: Analyzing 
hidden import 
'PIL.Hdf5StubImagePlugin'
33718 INFO: Analyzing 
hidden import 
'PIL.IcnsImagePlugin'
33775 INFO: Analyzing 
hidden import 
'PIL.IcoImagePlugin'
33818 INFO: Analyzing 
hidden import 
'PIL.ImImagePlugin'
33857 INFO: Analyzing 
hidden import 
'PIL.ImageEnhance'
33907 INFO: Analyzing 
hidden import 
'PIL.ImageGrab'
33925 INFO: Analyzing 
hidden import 
'PIL.ImageMorph'
33944 INFO: Analyzing 
hidden import 'PIL.ImageTk'
33960 INFO: Analyzing 
hidden import 
'PIL.ImageTransform'
33975 INFO: Analyzing 
hidden import 
'PIL.ImtImagePlugin'
33988 INFO: Analyzing 
hidden import 
'PIL.IptcImagePlugin'
34004 INFO: Analyzing 
hidden import 
'PIL.McIdasImagePlugin'
34049 INFO: Analyzing 
hidden import 
'PIL.MicImagePlugin'
34068 INFO: Analyzing 
hidden import 
'PIL.MpegImagePlugin'
34082 INFO: Analyzing 
hidden import 
'PIL.MspImagePlugin'
34099 INFO: Analyzing 
hidden import 'PIL.PSDraw'
34115 INFO: Analyzing 
hidden import 
'PIL.PalmImagePlugin'
34133 INFO: Analyzing 
hidden import 
'PIL.PcdImagePlugin'
34144 INFO: Analyzing 
hidden import 
'PIL.PcfFontFile'
34163 INFO: Analyzing 
hidden import 
'PIL.PdfImagePlugin'
34218 INFO: Analyzing 
hidden import 
'PIL.PixarImagePlugin'
34250 INFO: Analyzing 
hidden import 
'PIL.PsdImagePlugin'
34268 INFO: Analyzing 
hidden import 
'PIL.QoiImagePlugin'
34287 INFO: Analyzing 
hidden import 
'PIL.SgiImagePlugin'
34299 INFO: Analyzing 
hidden import 
'PIL.SpiderImagePlugin'
34320 INFO: Processing 
standard module hook 'hook-
PIL.SpiderImagePlugin.py' 
from 'C:\\Users\\druva\\App
Data\\Local\\Programs\\Pyth
on\\Python312\\Lib\\site-pa
ckages\\PyInstaller\\hooks'
34320 INFO: Analyzing 
hidden import 
'PIL.SunImagePlugin'
34334 INFO: Analyzing 
hidden import 'PIL.TarIO'
34363 INFO: Analyzing 
hidden import 
'PIL.TgaImagePlugin'
34401 INFO: Analyzing 
hidden import 
'PIL.WalImageFile'
34454 INFO: Analyzing 
hidden import 
'PIL.WebPImagePlugin'
34489 INFO: Analyzing 
hidden import 
'PIL.WmfImagePlugin'
34547 INFO: Analyzing 
hidden import 
'PIL.XVThumbImagePlugin'
34580 INFO: Analyzing 
hidden import 
'PIL.XbmImagePlugin'
34613 INFO: Analyzing 
hidden import 
'PIL.XpmImagePlugin'
34649 INFO: Analyzing 
hidden import 
'PIL.__main__'
34668 INFO: Analyzing 
hidden import 
'PIL._tkinter_finder'
34693 INFO: Analyzing 
hidden import 'PIL.report'
34716 INFO: Analyzing 
hidden import 'win32api'
34717 INFO: Analyzing 
hidden import 'win32con'
34805 INFO: Analyzing 
hidden import 'win32gui'
34805 INFO: Analyzing 
hidden import 
'win32security'
34805 INFO: Analyzing 
hidden import 'win32ts'
34805 INFO: Analyzing 
hidden import 'pywintypes'
34819 INFO: Processing 
standard module hook 
'hook-pywintypes.py' from '
C:\\Users\\druva\\AppData\\
Local\\Programs\\Python\\Py
thon312\\Lib\\site-packages
\\_pyinstaller_hooks_contri
b\\stdhooks'
34958 INFO: Analyzing 
hidden import 'winerror'
35120 INFO: Analyzing 
hidden import 
'logging.handlers'
35250 INFO: Processing 
module hooks (post-graph 
stage)...
35877 INFO: Performing 
binary vs. data 
reclassification (47 
entries)
38384 INFO: Looking for 
ctypes DLLs
38432 INFO: Analyzing 
run-time hooks ...
38435 INFO: Including 
run-time hook 
'pyi_rth_inspect.py' from '
C:\\Users\\druva\\AppData\\
Local\\Programs\\Python\\Py
thon312\\Lib\\site-packages
\\PyInstaller\\hooks\\rthoo
ks'
38450 INFO: Including 
run-time hook 
'pyi_rth_pywintypes.py' 
from 'C:\\Users\\druva\\App
Data\\Local\\Programs\\Pyth
on\\Python312\\Lib\\site-pa
ckages\\_pyinstaller_hooks_
contrib\\rthooks'
38463 INFO: Including 
run-time hook 
'pyi_rth_pkgutil.py' from '
C:\\Users\\druva\\AppData\\
Local\\Programs\\Python\\Py
thon312\\Lib\\site-packages
\\PyInstaller\\hooks\\rthoo
ks'
38477 INFO: Including 
run-time hook 'pyi_rth_mult
iprocessing.py' from 'C:\\U
sers\\druva\\AppData\\Local
\\Programs\\Python\\Python3
12\\Lib\\site-packages\\PyI
nstaller\\hooks\\rthooks'
38488 INFO: Including 
run-time hook 
'pyi_rth_setuptools.py' 
from 'C:\\Users\\druva\\App
Data\\Local\\Programs\\Pyth
on\\Python312\\Lib\\site-pa
ckages\\PyInstaller\\hooks\
\rthooks'
38511 INFO: Creating 
base_library.zip...
38537 INFO: Looking for 
dynamic libraries
38537 WARNING: 
get_package_paths - 
package pywin32_system32 
has multiple paths (['C:\\U
sers\\druva\\AppData\\Local
\\Programs\\Python\\Python3
12\\Lib\\site-packages\\pyw
in32_system32', 'C:\\Users\
\druva\\AppData\\Local\\Pro
grams\\Python\\Python312\\L
ib\\site-packages\\pywin32_
system32']); returning 
only first one!
39237 INFO: Extra DLL 
search directories 
(AddDllDirectory): []
39237 INFO: Extra DLL 
search directories (PATH): 
[]
40635 INFO: Warnings 
written to C:\Users\druva\.
gemini\antigravity\scratch\
print-server\build\printbri
dge\warn-printbridge.txt
40688 INFO: Graph 
cross-reference written to 
C:\Users\druva\.gemini\anti
gravity\scratch\print-serve
r\build\printbridge\xref-pr
intbridge.html
40768 INFO: checking PYZ
40768 INFO: Building PYZ 
because PYZ-00.toc is non 
existent
40768 INFO: Building PYZ 
(ZlibArchive) C:\Users\druv
a\.gemini\antigravity\scrat
ch\print-server\build\print
bridge\PYZ-00.pyz
41279 INFO: Building PYZ 
(ZlibArchive) C:\Users\druv
a\.gemini\antigravity\scrat
ch\print-server\build\print
bridge\PYZ-00.pyz 
completed successfully.
41294 INFO: checking PKG
41294 INFO: Building PKG 
because PKG-00.toc is non 
existent
41294 INFO: Building PKG 
(CArchive) printbridge.pkg
45028 INFO: Building PKG 
(CArchive) printbridge.pkg 
completed successfully.
45028 INFO: Bootloader C:\U
sers\druva\AppData\Local\Pr
ograms\Python\Python312\Lib
\site-packages\PyInstaller\
bootloader\Windows-64bit-in
tel\run.exe
45028 INFO: checking EXE
45036 INFO: Building EXE 
because EXE-00.toc is non 
existent
45036 INFO: Building EXE 
from EXE-00.toc
45036 INFO: Copying 
bootloader EXE to C:\Users\
druva\.gemini\antigravity\s
cratch\print-server\dist\pr
intbridge.exe
45343 INFO: Copying icon 
to EXE
45484 INFO: Copying 0 
resources to EXE
45484 INFO: Embedding 
manifest in EXE
45618 INFO: Appending PKG 
archive to EXE
45642 INFO: Fixing EXE 
headers
46374 INFO: Building EXE 
from EXE-00.toc completed 
successfully.
46378 INFO: Build 
complete! The results are 
available in: C:\Users\druv
a\.gemini\antigravity\scrat
ch\print-server\dist
